#
# There is insufficient memory for the Java Runtime Environment to continue.
# Native memory allocation (mmap) failed to map 8589934592 bytes. Error detail: G1 virtual space
# Possible reasons:
#   The system is out of physical RAM or swap space
#   This process is running with CompressedOops enabled, and the Java Heap may be blocking the growth of the native heap
# Possible solutions:
#   Reduce memory load on the system
#   Increase physical memory or swap space
#   Check if swap backing store is full
#   Decrease Java heap size (-Xmx/-Xms)
#   Decrease number of Java threads
#   Decrease Java thread stack sizes (-Xss)
#   Set larger code cache with -XX:ReservedCodeCacheSize=
#   JVM is running with Zero Based Compressed Oops mode in which the Java heap is
#     placed in the first 32GB address space. The Java Heap base address is the
#     maximum limit for the native heap growth. Please use -XX:HeapBaseMinAddress
#     to set the Java Heap base and to place the Java Heap above 32GB virtual address.
# This output file may be truncated or incomplete.
#
#  Out of Memory Error (os_windows.cpp:3554), pid=68492, tid=72248
#
# JRE version:  (25.0+37) (build )
# Java VM: Java HotSpot(TM) 64-Bit Server VM (25+37-LTS-3491, mixed mode, sharing, tiered, compressed oops, compressed class ptrs, g1 gc, windows-amd64)
# No core dump will be written. Minidumps are not enabled by default on client versions of Windows
#

---------------  S U M M A R Y ------------

Command Line: -Xms8g -Xmx8g -XX:+UseG1GC -XX:+UnlockDiagnosticVMOptions -XX:+DebugNonSafepoints -XX:+UnlockDiagnosticVMOptions -XX:+UnlockExperimentalVMOptions -DcompilerBlackholesEnabled=true -XX:CompileCommandFile=C:\Users\eastw\AppData\Local\Temp\jmh621286635505144360compilecommand org.openjdk.jmh.runner.ForkedMain 127.0.0.1 59005

Host: Intel(R) Core(TM) i5-10300H CPU @ 2.50GHz, 8 cores, 15G,  Windows 11 , 64 bit Build 26100 (10.0.26100.9444)
Time: Sun Sep 13 02:18:24 2026 W. Central Africa Standard Time elapsed time: 0.015146 seconds (0d 0h 0m 0s)

---------------  T H R E A D  ---------------

Current thread (0x00000234e90e24f0):  JavaThread "Unknown thread" [_thread_in_vm, id=72248, stack(0x000000d387400000,0x000000d387500000) (1024K)]

Stack: [0x000000d387400000,0x000000d387500000]
Native frames: (J=compiled Java code, j=interpreted, Vv=VM code, C=native code)
V  [jvm.dll+0x7a6a39]  (no source info available)
V  [jvm.dll+0x7727ed]  (no source info available)
V  [jvm.dll+0x965f33]  (no source info available)
V  [jvm.dll+0x968531]  (no source info available)
V  [jvm.dll+0x968c33]  (no source info available)
V  [jvm.dll+0x2fc756]  (no source info available)
V  [jvm.dll+0x7a2c65]  (no source info available)
V  [jvm.dll+0x796077]  (no source info available)
V  [jvm.dll+0x3f4698]  (no source info available)
V  [jvm.dll+0x3fc5b6]  (no source info available)
V  [jvm.dll+0x3e8c8e]  (no source info available)
V  [jvm.dll+0x3e8f48]  (no source info available)
V  [jvm.dll+0x3c0045]  (no source info available)
V  [jvm.dll+0x3c0cce]  (no source info available)
V  [jvm.dll+0x92c647]  (no source info available)
V  [jvm.dll+0x458b62]  (no source info available)
V  [jvm.dll+0x90fff2]  (no source info available)
V  [jvm.dll+0x4f9001]  (no source info available)
V  [jvm.dll+0x4fa891]  (no source info available)
C  [jli.dll+0x543e]  (no source info available)
C  [ucrtbase.dll+0x2cd30]  (no source info available)
C  [KERNEL32.DLL+0x2cd87]  (no source info available)
C  [ntdll.dll+0xacaec]  (no source info available)

Lock stack of current Java thread (top to bottom):


---------------  P R O C E S S  ---------------

Threads class SMR info:
_java_thread_list=0x00007ff979135308, length=0, elements={
}

Java Threads: ( => current thread )
Total: 0

Other Threads:
  0x00000234eb50a030 WorkerThread "GC Thread#0"                     [id=72264, stack(0x000000d387500000,0x000000d387600000) (1024K)]
  0x00000234eb51d3e0 ConcurrentGCThread "G1 Main Marker"            [id=72220, stack(0x000000d387600000,0x000000d387700000) (1024K)]
  0x00000234eb51df80 WorkerThread "G1 Conc#0"                       [id=72164, stack(0x000000d387700000,0x000000d387800000) (1024K)]

[error occurred during error reporting (printing all threads), id 0xc0000005, EXCEPTION_ACCESS_VIOLATION (0xc0000005) at pc=0x00007ff978814c2a]
VM state: not at safepoint (not fully initialized)

VM Mutex/Monitor currently owned by a thread:  ([mutex/lock_event])
[0x00007ff9791b9628] Heap_lock - owner thread: 0x00000234e90e24f0

Heap address: 0x0000000600000000, size: 8192 MB, Compressed Oops mode: Zero based, Oop shift amount: 3

CDS archive(s) mapped at: [0x0000000000000000-0x0000000000000000-0x0000000000000000), size 0, SharedBaseAddress: 0x0000000800000000, ArchiveRelocationMode: 1.
UseCompressedClassPointers 1, UseCompactObjectHeaders 0
Narrow klass pointer bits 32, Max shift 3
Narrow klass base: 0xffffffffffffffff, Narrow klass shift: -1
Encoding Range: [0xffffffffffffffff - 0x000000007fffffff), (2147483648 bytes)
Klass Range:    [0x0000000000000000 - 0x0000000000000000), (0 bytes)
Klass ID Range:  [4294967295 - 0) (1)
No protection zone.

GC Precious Log:
 CardTable entry size: 512
 Card Set container configuration: InlinePtr #cards 4 size 8 Array Of Cards #cards 32 size 80 Howl #buckets 8 coarsen threshold 7372 Howl Bitmap #cards 1024 size 144 coarsen threshold 921 Card regions per heap region 1 cards per card region 8192

Heap:
 garbage-first heap   total reserved 8388608K, committed 0K, used 0K [0x0000000600000000, 0x0000000800000000)
  region size 4096K, 0 young (0K), 0 survivors (0K)

Heap Regions: E=young(eden), S=young(survivor), O=old, HS=humongous(starts), HC=humongous(continues), CS=collection set, F=free, TAMS=top-at-mark-start, PB=parsable bottom

Card table byte_map: [0x00000234f5020000,0x00000234f6020000] _byte_map_base: 0x00000234f2020000

Marking Bits: (CMBitMap*) 0x00000234eb50a7c0
 Bits: [0x00000234f6020000, 0x00000234fe020000)

GC Heap Usage History (0 events):
No events

Metaspace Usage History (0 events):
No events

Dll operation events (1 events):
Event: 0.010 Loaded shared library C:\Program Files\Java\jdk-25\bin\java.dll

Deoptimization events (0 events):
No events

Classes loaded (0 events):
No events

Classes unloaded (0 events):
No events

Classes redefined (0 events):
No events

Internal exceptions (0 events):
No events

VM Operations (0 events):
No events

Memory protections (0 events):
No events

Nmethod flushes (0 events):
No events

Events (0 events):
No events


Dynamic libraries:
0x00007ff6113c0000 - 0x00007ff6113d0000 	C:\Program Files\Java\jdk-25\bin\java.exe
0x00007ff9ff1e0000 - 0x00007ff9ff447000 	C:\WINDOWS\SYSTEM32\ntdll.dll
0x00007ff9fe710000 - 0x00007ff9fe7db000 	C:\WINDOWS\System32\KERNEL32.DLL
0x00007ff9fc710000 - 0x00007ff9fcb12000 	C:\WINDOWS\System32\KERNELBASE.dll
0x00007ff9fcbe0000 - 0x00007ff9fcd2c000 	C:\WINDOWS\System32\ucrtbase.dll
0x00007ff9e6590000 - 0x00007ff9e65a7000 	C:\Program Files\Java\jdk-25\bin\jli.dll
0x00007ff9e1ac0000 - 0x00007ff9e1ade000 	C:\Program Files\Java\jdk-25\bin\VCRUNTIME140.dll
0x00007ff9fe390000 - 0x00007ff9fe55f000 	C:\WINDOWS\System32\USER32.dll
0x00007ff9e5db0000 - 0x00007ff9e6040000 	C:\WINDOWS\WinSxS\amd64_microsoft.windows.common-controls_6595b64144ccf1df_6.0.26100.9278_none_3e0d1ba8e3303201\COMCTL32.dll
0x00007ff9fced0000 - 0x00007ff9fcef7000 	C:\WINDOWS\System32\win32u.dll
0x00007ff9fcf00000 - 0x00007ff9fcfa9000 	C:\WINDOWS\System32\msvcrt.dll
0x00007ff9ff170000 - 0x00007ff9ff19b000 	C:\WINDOWS\System32\GDI32.dll
0x00007ff9fc490000 - 0x00007ff9fc5b9000 	C:\WINDOWS\System32\gdi32full.dll
0x00007ff9fc3e0000 - 0x00007ff9fc483000 	C:\WINDOWS\System32\msvcp_win.dll
0x00007ff9fd4b0000 - 0x00007ff9fd4e1000 	C:\WINDOWS\System32\IMM32.DLL
0x00007ff9ea6a0000 - 0x00007ff9ea6ac000 	C:\Program Files\Java\jdk-25\bin\vcruntime140_1.dll
0x00007ff9dc390000 - 0x00007ff9dc41d000 	C:\Program Files\Java\jdk-25\bin\msvcp140.dll
0x00007ff978440000 - 0x00007ff97929f000 	C:\Program Files\Java\jdk-25\bin\server\jvm.dll
0x00007ff9fdaa0000 - 0x00007ff9fdb5c000 	C:\WINDOWS\System32\ADVAPI32.dll
0x00007ff9fe7e0000 - 0x00007ff9fe889000 	C:\WINDOWS\System32\sechost.dll
0x00007ff9fd4f0000 - 0x00007ff9fd608000 	C:\WINDOWS\System32\RPCRT4.dll
0x00007ff9fcfb0000 - 0x00007ff9fd030000 	C:\WINDOWS\System32\WS2_32.dll
0x00007ff9fbb80000 - 0x00007ff9fbbde000 	C:\WINDOWS\SYSTEM32\POWRPROF.dll
0x00007ff9e5d30000 - 0x00007ff9e5d66000 	C:\WINDOWS\SYSTEM32\WINMM.dll
0x00007ff9f4fc0000 - 0x00007ff9f4fcb000 	C:\WINDOWS\SYSTEM32\VERSION.dll
0x00007ff9fbb40000 - 0x00007ff9fbb55000 	C:\WINDOWS\SYSTEM32\UMPDC.dll
0x00007ff9fb080000 - 0x00007ff9fb09b000 	C:\WINDOWS\SYSTEM32\kernel.appcore.dll
0x00007ff9ea260000 - 0x00007ff9ea26a000 	C:\Program Files\Java\jdk-25\bin\jimage.dll
0x00007ff9f9070000 - 0x00007ff9f92bc000 	C:\WINDOWS\SYSTEM32\DBGHELP.DLL
0x00007ff9fd680000 - 0x00007ff9fda05000 	C:\WINDOWS\System32\combase.dll
0x00007ff9fe290000 - 0x00007ff9fe369000 	C:\WINDOWS\System32\OLEAUT32.dll
0x00007ff9e6fb0000 - 0x00007ff9e6feb000 	C:\WINDOWS\SYSTEM32\dbgcore.DLL
0x00007ff9fc5c0000 - 0x00007ff9fc66c000 	C:\WINDOWS\System32\bcryptPrimitives.dll
0x00007ff9dea80000 - 0x00007ff9dea9f000 	C:\Program Files\Java\jdk-25\bin\java.dll
0x00007ff9fd2a0000 - 0x00007ff9fd43a000 	C:\WINDOWS\System32\ole32.dll
0x00007ff9fe8f0000 - 0x00007ff9ff088000 	C:\WINDOWS\System32\SHELL32.dll

JVMTI agents: none

dbghelp: loaded successfully - version: 4.0.5 - missing functions: none
symbol engine: initialized successfully - sym options: 0x614 - pdb path: .;C:\Program Files\Java\jdk-25\bin;C:\WINDOWS\SYSTEM32;C:\WINDOWS\WinSxS\amd64_microsoft.windows.common-controls_6595b64144ccf1df_6.0.26100.9278_none_3e0d1ba8e3303201;C:\Program Files\Java\jdk-25\bin\server

VM Arguments:
jvm_args: -Xms8g -Xmx8g -XX:+UseG1GC -XX:+UnlockDiagnosticVMOptions -XX:+DebugNonSafepoints -XX:+UnlockDiagnosticVMOptions -XX:+UnlockExperimentalVMOptions -DcompilerBlackholesEnabled=true -XX:CompileCommandFile=C:\Users\eastw\AppData\Local\Temp\jmh621286635505144360compilecommand 
java_command: org.openjdk.jmh.runner.ForkedMain 127.0.0.1 59005
java_class_path (initial): C:\Users\eastw\Git Projects\Personal\cbs\cbs-benchmarks\target\classes;C:\Users\eastw\.m2\repository\org\openjdk\jmh\jmh-core\1.37\jmh-core-1.37.jar;C:\Users\eastw\.m2\repository\net\sf\jopt-simple\jopt-simple\5.0.4\jopt-simple-5.0.4.jar;C:\Users\eastw\.m2\repository\org\apache\commons\commons-math3\3.6.1\commons-math3-3.6.1.jar;C:\Users\eastw\.m2\repository\org\openjdk\jmh\jmh-generator-annprocess\1.37\jmh-generator-annprocess-1.37.jar;C:\Users\eastw\Git Projects\Personal\cbs\cbs-core\target\classes;C:\Users\eastw\.m2\repository\io\github\kusoroadeolu\jmh-pretty\1.0.0\jmh-pretty-1.0.0.jar
Launcher Type: SUN_STANDARD

[Global flags]
     bool AOTInvokeDynamicLinking                  = false                                  {diagnostic} {ergonomic}
     bool AOTRecordTraining                        = false                                  {diagnostic} {ergonomic}
     bool AOTReplayTraining                        = false                                  {diagnostic} {ergonomic}
     intx CICompilerCount                          = 4                                         {product} {ergonomic}
    ccstr CompileCommandFile                       = C:\Users\eastw\AppData\Local\Temp\jmh621286635505144360compilecommand            {product} {command line}
     uint ConcGCThreads                            = 2                                         {product} {ergonomic}
     bool DebugNonSafepoints                       = true                                   {diagnostic} {command line}
     uint G1ConcRefinementThreads                  = 8                                         {product} {ergonomic}
     uint G1EagerReclaimRemSetThreshold            = 32                                   {experimental} {ergonomic}
   size_t G1HeapRegionSize                         = 4194304                                   {product} {ergonomic}
     uint G1RemSetArrayOfCardsEntries              = 32                                   {experimental} {ergonomic}
     uint G1RemSetHowlMaxNumBuckets                = 8                                    {experimental} {ergonomic}
     uint G1RemSetHowlNumBuckets                   = 8                                    {experimental} {ergonomic}
   size_t InitialHeapSize                          = 8589934592                                {product} {command line}
   size_t MarkStackSize                            = 4194304                                   {product} {ergonomic}
   size_t MarkStackSizeMax                         = 536870912                                 {product} {ergonomic}
   size_t MaxHeapSize                              = 8589934592                                {product} {command line}
   size_t MinHeapDeltaBytes                        = 4194304                                   {product} {ergonomic}
   size_t MinHeapSize                              = 8589934592                                {product} {command line}
    uintx NonNMethodCodeHeapSize                   = 5832704                                {pd product} {ergonomic}
    uintx NonProfiledCodeHeapSize                  = 122945536                              {pd product} {ergonomic}
    uintx ProfiledCodeHeapSize                     = 122880000                              {pd product} {ergonomic}
    uintx ReservedCodeCacheSize                    = 251658240                              {pd product} {ergonomic}
     bool SegmentedCodeCache                       = true                                      {product} {ergonomic}
   size_t SoftMaxHeapSize                          = 8589934592                             {manageable} {ergonomic}
     bool UnlockDiagnosticVMOptions                = true                                   {diagnostic} {command line}
     bool UnlockExperimentalVMOptions              = true                                 {experimental} {command line}
     bool UseCompressedOops                        = true                           {product lp64_product} {ergonomic}
     bool UseFastUnorderedTimeStamps               = true                                 {experimental} {ergonomic}
     bool UseG1GC                                  = true                                      {product} {command line}
     bool UseLargePagesIndividualAllocation        = false                                  {pd product} {ergonomic}
      int X86ICacheSync                            = 2                                 {ARCH diagnostic} {ergonomic}

Logging:
Log output configuration:
 #0: stdout all=warning uptime,level,tags foldmultilines=false
 #1: stderr all=off uptime,level,tags foldmultilines=false

Release file:
<release file has not been read>
Environment Variables:
JAVA_HOME=C:\Program Files\Java\jdk-25
PATH=C:\Users\eastw\AppData\Local\Programs\Python\Python313\Scripts\;C:\Users\eastw\AppData\Local\Programs\Python\Python313\;C:\Program Files\Java\jdk-25\bin;C:\Program Files\Common Files\Oracle\Java\javapath;C:\Program Files (x86)\Common Files\Oracle\Java\javapath;C:\Program Files (x86)\Common Files\Intel\Shared Libraries\redist\intel64\compiler;C:\ProgramData\Oracle\Java\javapath;C:\Windows\system32;C:\Windows;C:\Windows\System32\Wbem;C:\Windows\System32\WindowsPowerShell\v1.0\;C:\Windows\System32\OpenSSH\;C:\Program Files (x86)\NVIDIA Corporation\PhysX\Common;C:\Program Files\dotnet\;C:\WINDOWS\system32;C:\WINDOWS;C:\WINDOWS\System32\Wbem;C:\WINDOWS\System32\WindowsPowerShell\v1.0\;C:\WINDOWS\System32\OpenSSH\;C:\Users\eastw\Documents\Maven\apache-maven-3.9.8-bin\apache-maven-3.9.8\bin;C:\Program Files\Git\cmd;C:\Program Files\NVIDIA Corporation\NVIDIA app\NvDLISR;C:\Program Files\Java\jdk-23\bin;C:\Program Files\PostgreSQL\17\bin;C:\Program Files\PostgreSQL\17\lib;C:\Users\eastw\AppData\Roaming\npm\;C:\Program Files\nodejs\;C:\ProgramData\chocolatey\bin;C:\Program Files\Docker\Docker\resources\bin;C:\Users\eastw\Documents\GraalVM\graalvm-jdk-21.0.8+12.1\bin;C:\Users\eastw\bin;;C:\Program Files\GnuPG\bin;C:\Program Files\PowerShell\7\;C:\Program Files\MySQL\MySQL Shell 8.0\bin\;C:\Users\eastw\.cargo\bin;C:\Users\eastw\AppData\Local\Microsoft\WindowsApps;C:\Users\eastw\AppData\Local\Programs\Microsoft VS Code\bin;C:\Program Files\MongoDB\mongosh-1.10.6-win32-x64\bin;C:\Program Files\JetBrains\IntelliJ IDEA Community Edition 2024.3.1.1\bin;;C:\Program Files\heroku\bin;C:\Users\eastw\AppData\Roaming\npm;C:\Users\eastw\Documents\GraalVM\graalvm-jdk-21.0.8+12.1\bin;C:\Program Files\JetBrains\IntelliJ IDEA 2025.2.2\bin;C:\Users\eastw\.quickstart;C:\Program Files\nim-2.2.6\bin;C:\Users\eastw\Documents\w64devkit\bin;C:\Users\eastw\scripts;C:\Users\eastw\.dotnet\tools;C:\Users\eastw\AppData\Local\Microsoft\WinGet\Links;;C:\Users\eastw\AppData\Local\Programs\Gideon
USERNAME=eastw
OS=Windows_NT
PROCESSOR_IDENTIFIER=Intel64 Family 6 Model 165 Stepping 2, GenuineIntel
TMP=C:\Users\eastw\AppData\Local\Temp
TEMP=C:\Users\eastw\AppData\Local\Temp




Compilation memory statistics disabled.

Periodic native trim disabled

---------------  S Y S T E M  ---------------

OS:
 Windows 11 , 64 bit Build 26100 (10.0.26100.9444)
OS uptime: 0 days 17:25 hours
Hyper-V role detected

CPU: total 8 (initial active 8) (4 cores per cpu, 2 threads per core) family 6 model 165 stepping 2 microcode 0xfc, cx8, cmov, fxsr, ht, mmx, 3dnowpref, sse, sse2, sse3, ssse3, sse4.1, sse4.2, popcnt, lzcnt, tsc, tscinvbit, avx, avx2, aes, erms, clmul, bmi1, bmi2, adx, fma, vzeroupper, clflush, clflushopt, hv, rdtscp, f16c
Processor Information for the first 8 processors :
  Max Mhz: 2496, Current Mhz: 2496, Mhz Limit: 2496

Memory: 4k page, system-wide physical 16177M (6628M free)
TotalPageFile size 39392M (AvailPageFile size 847M)
current process WorkingSet (physical memory assigned to process): 14M, peak: 14M
current process commit charge ("private bytes"): 61M, peak: 8253M

vm_info: Java HotSpot(TM) 64-Bit Server VM (25+37-LTS-3491) for windows-amd64 JRE (25+37-LTS-3491), built on 2025-08-14T21:13:00Z with unknown MS VC++:1943

END.
